  -10000.000 A0:    23.442841    23.443966     1.003860    16.415321     4.048562
       0.000 A0:    23.439279    23.437677    -0.852017   -13.931996    -5.769398
   10000.000 A0:    23.435717    23.437466     0.648422    10.602901     6.295105
   10000.000 A0:    23.435717    23.437466     0.648422    10.602901     6.295105
   10000.010 A0:    23.435717    23.437466     0.648448    10.603323     6.294395
  -10000.000 A1:    23.442841    23.443966     1.003861    16.415333     4.048556
       0.000 A1:    23.439279    23.437677    -0.852016   -13.931977    -5.769410
   10000.000 A1:    23.435717    23.437466     0.648423    10.602913     6.295093
   10000.000 A1:    23.435717    23.437466     0.648423    10.602913     6.295093
   10000.010 A1:    23.435717    23.437466     0.648449    10.603335     6.294382
