  -10000.000 A0: ERROR 13 
  -10000.000 A0: ERROR 13 
  -10000.000 A0: ERROR 13 
  -10000.000 A0: ERROR 13 
       0.000 A0: ERROR 13 
       0.000 A0: ERROR 13 
       0.000 A0: ERROR 13 
       0.000 A0: ERROR 13 
   10000.000 A0: ERROR 13 
   10000.000 A0: ERROR 13 
   10000.000 A0: ERROR 13 
   10000.000 A0: ERROR 13 
   10000.000 A0: ERROR 13 
   10000.000 A0: ERROR 13 
   10000.000 A0: ERROR 13 
   10000.000 A0: ERROR 13 
   10000.010 A0: ERROR 13 
   10000.010 A0: ERROR 13 
   10000.010 A0: ERROR 13 
   10000.010 A0: ERROR 13 
  -10000.000 A1: SUN        0 -9.1628605e-06   0.0037729031   0.0016513802   -16.877    -4.412    -1.552 

  -10000.000 A1: SUN        1              0              0              0     0.000     0.000     0.000 

  -10000.000 A1: EARTH      0     0.81005841    -0.55376206    -0.24010578 30082.393 37688.408 16343.251 

  -10000.000 A1: EARTH      1     0.81006757    -0.55753496    -0.24175716 30099.270 37692.820 16344.803 

       0.000 A1: SUN        0  -0.0071375158  -0.0026437383 -0.00092134227    15.988   -20.395    -9.153 

       0.000 A1: SUN        1              0              0              0     0.000     0.000     0.000 

       0.000 A1: EARTH      0    -0.18427131     0.88478173     0.38382447 -51571.356 -8707.491 -3775.488 

       0.000 A1: EARTH      1     -0.1771338     0.88742547     0.38474581 -51587.344 -8687.096 -3766.334 

   10000.000 A1: SUN        0 -9.9316619e-06  -0.0040175791  -0.0016687764    13.583    11.479     4.632 

   10000.000 A1: SUN        1              0              0              0     0.000     0.000     0.000 

   10000.000 A1: EARTH      0     -0.5372355    -0.79049295    -0.34258605 42862.761 -25283.187 -10960.321 

   10000.000 A1: EARTH      1    -0.53722557    -0.78647538    -0.34091728 42849.178 -25294.666 -10964.953 

   10000.000 A1: SUN        0 -9.9316618e-06  -0.0040175791  -0.0016687764    13.583    11.479     4.632 

   10000.000 A1: SUN        1              0              0              0     0.000     0.000     0.000 

   10000.000 A1: EARTH      0     -0.5372355    -0.79049295    -0.34258605 42862.761 -25283.187 -10960.321 

   10000.000 A1: EARTH      1    -0.53722557    -0.78647538    -0.34091728 42849.178 -25294.666 -10964.953 

   10000.010 A1: SUN        0 -9.8863594e-06  -0.0040175408  -0.0016687609    13.582    11.479     4.632 

   10000.010 A1: SUN        1              0              0              0     0.000     0.000     0.000 

   10000.010 A1: EARTH      0    -0.53709252    -0.79057728    -0.34262261 42867.327 -25276.479 -10957.412 

   10000.010 A1: EARTH      1    -0.53708263    -0.78655974    -0.34095385 42853.745 -25287.958 -10962.045 

