  -10000.000 A0: current    16.415321     4.048562 
  -10000.000 A0: future    -11.647298     6.603863 
       0.000 A0: current   -13.931996    -5.769398 
       0.000 A0: future     12.147394    -5.618378 
   10000.000 A0: current    10.602901     6.295105 
   10000.000 A0: future    -13.980393     5.026335 
   10000.000 A0: current    10.602901     6.295105 
   10000.000 A0: future    -13.980393     5.026335 
   10000.010 A0: current    10.603323     6.294395 
   10000.010 A0: future    -13.979902     5.026352 
  -10000.000 A1: current    16.415321     4.048562 
  -10000.000 A1: future    -11.647298     6.603863 
       0.000 A1: current   -13.931996    -5.769398 
       0.000 A1: future     12.147394    -5.618378 
   10000.000 A1: current    10.602901     6.295105 
   10000.000 A1: future    -13.980393     5.026335 
   10000.000 A1: current    10.602901     6.295105 
   10000.000 A1: future    -13.980393     5.026335 
   10000.010 A1: current    10.603323     6.294395 
   10000.010 A1: future    -13.979902     5.026352 
