  -10000.000 A0: current    16.414282     4.048670 
  -10000.000 A0: future    -11.647305     6.604151 
       0.000 A0: current   -13.931664    -5.769417 
       0.000 A0: future     12.147047    -5.618372 
   10000.000 A0: current    10.602263     6.295419 
   10000.000 A0: future    -13.980181     5.026411 
   10000.000 A0: current    10.602263     6.295419 
   10000.000 A0: future    -13.980181     5.026411 
   10000.010 A0: current    10.602685     6.294708 
   10000.010 A0: future    -13.979690     5.026427 
  -10000.000 A1: current    16.414282     4.048670 
  -10000.000 A1: future    -11.647305     6.604151 
       0.000 A1: current   -13.931664    -5.769417 
       0.000 A1: future     12.147047    -5.618372 
   10000.000 A1: current    10.602263     6.295419 
   10000.000 A1: future    -13.980181     5.026411 
   10000.000 A1: current    10.602263     6.295419 
   10000.000 A1: future    -13.980181     5.026411 
   10000.010 A1: current    10.602685     6.294708 
   10000.010 A1: future    -13.979690     5.026427 
