  -10000.000 A0: current    16.415333     4.048556 
  -10000.000 A0: future   -11.647276     6.603866 
       0.000 A0: current   -13.931977    -5.769410 
       0.000 A0: future    12.147424    -5.618373 
   10000.000 A0: current    10.602913     6.295093 
   10000.000 A0: future   -13.980391     5.026337 
   10000.000 A0: current    10.602913     6.295093 
   10000.000 A0: future   -13.980391     5.026337 
   10000.010 A0: current    10.603335     6.294382 
   10000.010 A0: future   -13.979900     5.026354 
  -10000.000 A1: current    16.415333     4.048556 
  -10000.000 A1: future   -11.647276     6.603866 
       0.000 A1: current   -13.931977    -5.769410 
       0.000 A1: future    12.147424    -5.618373 
   10000.000 A1: current    10.602913     6.295093 
   10000.000 A1: future   -13.980391     5.026337 
   10000.000 A1: current    10.602913     6.295093 
   10000.000 A1: future   -13.980391     5.026337 
   10000.010 A1: current    10.603335     6.294382 
   10000.010 A1: future   -13.979900     5.026354 
