  -10000.000 A0: current    16.415321     4.048562
  -10000.000 A0: future     -4.602185    -8.501598
       0.000 A0: current   -13.931996    -5.769398
       0.000 A0: future      3.271334     8.585415
   10000.000 A0: current    10.602901     6.295105
   10000.000 A0: future     -0.608083    -9.492473
   10000.000 A0: current    10.602901     6.295105
   10000.000 A0: future     -0.608083    -9.492473
   10000.010 A0: current    10.603323     6.294395
   10000.010 A0: future     -0.608771    -9.492431
  -10000.000 A1: current    16.415333     4.048556
  -10000.000 A1: future     -4.602207    -8.501589
       0.000 A1: current   -13.931977    -5.769410
       0.000 A1: future      3.271330     8.585420
   10000.000 A1: current    10.602913     6.295093
   10000.000 A1: future     -0.608091    -9.492478
   10000.000 A1: current    10.602913     6.295093
   10000.000 A1: future     -0.608091    -9.492478
   10000.010 A1: current    10.603335     6.294382
   10000.010 A1: future     -0.608780    -9.492437
