  -10000.000 A0: current    16.414303     4.048646 
  -10000.000 A0: future    -11.644315     6.605395 
       0.000 A0: current   -13.931664    -5.769417 
       0.000 A0: future     12.144255    -5.620320 
   10000.000 A0: current    10.602296     6.295401 
   10000.000 A0: future    -13.976880     5.028939 
   10000.000 A0: current    10.602296     6.295401 
   10000.000 A0: future    -13.976880     5.028939 
   10000.010 A0: current    10.602718     6.294691 
   10000.010 A0: future    -13.976389     5.028955 
  -10000.000 A1: current    16.414303     4.048646 
  -10000.000 A1: future    -11.644315     6.605395 
       0.000 A1: current   -13.931664    -5.769417 
       0.000 A1: future     12.144255    -5.620320 
   10000.000 A1: current    10.602296     6.295401 
   10000.000 A1: future    -13.976880     5.028939 
   10000.000 A1: current    10.602296     6.295401 
   10000.000 A1: future    -13.976880     5.028939 
   10000.010 A1: current    10.602718     6.294691 
   10000.010 A1: future    -13.976389     5.028955 
