
-10000.0 22+20      S2 O0 A0:          nan          nan 

-10000.0 22+20      S2 O1 A0:   145.977105 6.036559e+04 

-10000.0 22+20      S2 O2 A0:   132.709500 5.730086e+06 

-10000.0 16-20      S2 O0 A0:          nan          nan 

-10000.0 16-20      S2 O1 A0:    98.660449 4.079916e+04 

-10000.0 16-20      S2 O2 A0:    44.935094 1.940193e+06 

-10000.0 SUN        S0 O0 A0:          nan          nan 

-10000.0 SUN        S0 O1 A0:    53.181239 2.199255e+04 

-10000.0 SUN        S0 O2 A0:   106.901484 4.615756e+06 

-10000.0 EARTH      S0 O0 A0:          nan          nan 

-10000.0 EARTH      S0 O1 A0:   179.996872 7.443347e+04 

-10000.0 EARTH      S0 O2 A0:   126.255303 5.451409e+06 

     0.0 22+20      S2 O0 A0:          nan          nan 

     0.0 22+20      S2 O1 A0:    63.740570 2.562084e+04 

     0.0 22+20      S2 O2 A0:   132.008697 5.674118e+06 

     0.0 16-20      S2 O0 A0:          nan          nan 

     0.0 16-20      S2 O1 A0:    38.844362 1.561407e+04 

     0.0 16-20      S2 O2 A0:    43.958133 1.889449e+06 

     0.0 SUN        S0 O0 A0:          nan          nan 

     0.0 SUN        S0 O1 A0:    79.454498 3.193688e+04 

     0.0 SUN        S0 O2 A0:     3.345607 1.438049e+05 

     0.0 EARTH      S0 O0 A0:          nan          nan 

     0.0 EARTH      S0 O1 A0:   179.995731 7.234835e+04 

     0.0 EARTH      S0 O2 A0:    97.198319 4.177867e+06 

 10000.0 22+20      S2 O0 A0:          nan          nan 

 10000.0 22+20      S2 O1 A0:    79.616582 3.309093e+04 

 10000.0 22+20      S2 O2 A0:   132.637913 5.652979e+06 

 10000.0 16-20      S2 O0 A0:          nan          nan 

 10000.0 16-20      S2 O1 A0:   176.037299 7.316494e+04 

 10000.0 16-20      S2 O2 A0:    44.853791 1.911653e+06 

 10000.0 SUN        S0 O0 A0:          nan          nan 

 10000.0 SUN        S0 O1 A0:   148.171395 6.158342e+04 

 10000.0 SUN        S0 O2 A0:    72.730948 3.099767e+06 

 10000.0 EARTH      S0 O0 A0:          nan          nan 

 10000.0 EARTH      S0 O1 A0:   179.997051 7.481067e+04 

 10000.0 EARTH      S0 O2 A0:    40.954021 1.745446e+06 

 10000.0 22+20      S2 O0 A0:          nan          nan 

 10000.0 22+20      S2 O1 A0:    79.616582 3.309093e+04 

 10000.0 22+20      S2 O2 A0:   132.637913 5.652979e+06 

 10000.0 16-20      S2 O0 A0:          nan          nan 

 10000.0 16-20      S2 O1 A0:   176.037299 7.316494e+04 

 10000.0 16-20      S2 O2 A0:    44.853791 1.911653e+06 

 10000.0 SUN        S0 O0 A0:          nan          nan 

 10000.0 SUN        S0 O1 A0:   148.171395 6.158342e+04 

 10000.0 SUN        S0 O2 A0:    72.730948 3.099767e+06 

 10000.0 EARTH      S0 O0 A0:          nan          nan 

 10000.0 EARTH      S0 O1 A0:   179.997051 7.481067e+04 

 10000.0 EARTH      S0 O2 A0:    40.954021 1.745446e+06 

 10000.0 22+20      S2 O0 A0:          nan          nan 

 10000.0 22+20      S2 O1 A0:    79.624702 3.309437e+04 

 10000.0 22+20      S2 O2 A0:   132.637965 5.652987e+06 

 10000.0 16-20      S2 O0 A0:          nan          nan 

 10000.0 16-20      S2 O1 A0:   176.046656 7.316896e+04 

 10000.0 16-20      S2 O2 A0:    44.853862 1.911658e+06 

 10000.0 SUN        S0 O0 A0:          nan          nan 

 10000.0 SUN        S0 O1 A0:   148.180252 6.158721e+04 

 10000.0 SUN        S0 O2 A0:    72.731615 3.099798e+06 

 10000.0 EARTH      S0 O0 A0:          nan          nan 

 10000.0 EARTH      S0 O1 A0:   179.997190 7.481087e+04 

 10000.0 EARTH      S0 O2 A0:    40.963676 1.745859e+06 

-10000.0 22+20      S2 O0 A1:          nan          nan 

-10000.0 22+20      S2 O1 A1:   145.977105 6.036559e+04 

-10000.0 22+20      S2 O2 A1:   132.709500 5.730086e+06 

-10000.0 16-20      S2 O0 A1:          nan          nan 

-10000.0 16-20      S2 O1 A1:    98.660449 4.079916e+04 

-10000.0 16-20      S2 O2 A1:    44.935094 1.940193e+06 

-10000.0 SUN        S0 O0 A1:          nan          nan 

-10000.0 SUN        S0 O1 A1:    53.181239 2.199255e+04 

-10000.0 SUN        S0 O2 A1:   106.901484 4.615756e+06 

-10000.0 EARTH      S0 O0 A1:          nan          nan 

-10000.0 EARTH      S0 O1 A1:   179.996872 7.443347e+04 

-10000.0 EARTH      S0 O2 A1:   126.255303 5.451409e+06 

     0.0 22+20      S2 O0 A1:          nan          nan 

     0.0 22+20      S2 O1 A1:    63.740570 2.562084e+04 

     0.0 22+20      S2 O2 A1:   132.008697 5.674118e+06 

     0.0 16-20      S2 O0 A1:          nan          nan 

     0.0 16-20      S2 O1 A1:    38.844362 1.561407e+04 

     0.0 16-20      S2 O2 A1:    43.958133 1.889449e+06 

     0.0 SUN        S0 O0 A1:          nan          nan 

     0.0 SUN        S0 O1 A1:    79.454498 3.193688e+04 

     0.0 SUN        S0 O2 A1:     3.345607 1.438049e+05 

     0.0 EARTH      S0 O0 A1:          nan          nan 

     0.0 EARTH      S0 O1 A1:   179.995731 7.234835e+04 

     0.0 EARTH      S0 O2 A1:    97.198319 4.177867e+06 

 10000.0 22+20      S2 O0 A1:          nan          nan 

 10000.0 22+20      S2 O1 A1:    79.616582 3.309093e+04 

 10000.0 22+20      S2 O2 A1:   132.637913 5.652979e+06 

 10000.0 16-20      S2 O0 A1:          nan          nan 

 10000.0 16-20      S2 O1 A1:   176.037299 7.316494e+04 

 10000.0 16-20      S2 O2 A1:    44.853791 1.911653e+06 

 10000.0 SUN        S0 O0 A1:          nan          nan 

 10000.0 SUN        S0 O1 A1:   148.171395 6.158342e+04 

 10000.0 SUN        S0 O2 A1:    72.730948 3.099767e+06 

 10000.0 EARTH      S0 O0 A1:          nan          nan 

 10000.0 EARTH      S0 O1 A1:   179.997051 7.481067e+04 

 10000.0 EARTH      S0 O2 A1:    40.954021 1.745446e+06 

 10000.0 22+20      S2 O0 A1:          nan          nan 

 10000.0 22+20      S2 O1 A1:    79.616582 3.309093e+04 

 10000.0 22+20      S2 O2 A1:   132.637913 5.652979e+06 

 10000.0 16-20      S2 O0 A1:          nan          nan 

 10000.0 16-20      S2 O1 A1:   176.037299 7.316494e+04 

 10000.0 16-20      S2 O2 A1:    44.853791 1.911653e+06 

 10000.0 SUN        S0 O0 A1:          nan          nan 

 10000.0 SUN        S0 O1 A1:   148.171395 6.158342e+04 

 10000.0 SUN        S0 O2 A1:    72.730948 3.099767e+06 

 10000.0 EARTH      S0 O0 A1:          nan          nan 

 10000.0 EARTH      S0 O1 A1:   179.997051 7.481067e+04 

 10000.0 EARTH      S0 O2 A1:    40.954021 1.745446e+06 

 10000.0 22+20      S2 O0 A1:          nan          nan 

 10000.0 22+20      S2 O1 A1:    79.624702 3.309437e+04 

 10000.0 22+20      S2 O2 A1:   132.637965 5.652987e+06 

 10000.0 16-20      S2 O0 A1:          nan          nan 

 10000.0 16-20      S2 O1 A1:   176.046656 7.316896e+04 

 10000.0 16-20      S2 O2 A1:    44.853862 1.911658e+06 

 10000.0 SUN        S0 O0 A1:          nan          nan 

 10000.0 SUN        S0 O1 A1:   148.180252 6.158721e+04 

 10000.0 SUN        S0 O2 A1:    72.731615 3.099798e+06 

 10000.0 EARTH      S0 O0 A1:          nan          nan 

 10000.0 EARTH      S0 O1 A1:   179.997190 7.481087e+04 

 10000.0 EARTH      S0 O2 A1:    40.963676 1.745859e+06 
